[ERROR] - Error: Origin not allowed by CORS: http://evil.example
    at corsOrigin (C:\Users\hp\Desktop\avatior one\apps\server\src\index.ts:45:8)
    at C:\Users\hp\Desktop\avatior one\node_modules\cors\lib\index.js:219:13
    at optionsCallback (C:\Users\hp\Desktop\avatior one\node_modules\cors\lib\index.js:199:9)
    at corsMiddleware (C:\Users\hp\Desktop\avatior one\node_modules\cors\lib\index.js:204:7)
    at Layer.handle [as handle_request] (C:\Users\hp\Desktop\avatior one\node_modules\express\lib\router\layer.js:95:5)
    at trim_prefix (C:\Users\hp\Desktop\avatior one\node_modules\express\lib\router\index.js:328:13)
    at C:\Users\hp\Desktop\avatior one\node_modules\express\lib\router\index.js:286:9
    at Function.process_params (C:\Users\hp\Desktop\avatior one\node_modules\express\lib\router\index.js:346:12)
    at next (C:\Users\hp\Desktop\avatior one\node_modules\express\lib\router\index.js:280:10)
    at internalNext (C:\Users\hp\Desktop\avatior one\node_modules\helmet\index.cjs:537:6)
[ERROR] - Error: Origin not allowed by CORS: http://evil.example
    at corsOrigin (C:\Users\hp\Desktop\avatior one\apps\server\src\index.ts:45:8)
    at C:\Users\hp\Desktop\avatior one\node_modules\cors\lib\index.js:219:13
    at optionsCallback (C:\Users\hp\Desktop\avatior one\node_modules\cors\lib\index.js:199:9)
    at corsMiddleware (C:\Users\hp\Desktop\avatior one\node_modules\cors\lib\index.js:204:7)
    at Layer.handle [as handle_request] (C:\Users\hp\Desktop\avatior one\node_modules\express\lib\router\layer.js:95:5)
    at trim_prefix (C:\Users\hp\Desktop\avatior one\node_modules\express\lib\router\index.js:328:13)
    at C:\Users\hp\Desktop\avatior one\node_modules\express\lib\router\index.js:286:9
    at Function.process_params (C:\Users\hp\Desktop\avatior one\node_modules\express\lib\router\index.js:346:12)
    at next (C:\Users\hp\Desktop\avatior one\node_modules\express\lib\router\index.js:280:10)
    at internalNext (C:\Users\hp\Desktop\avatior one\node_modules\helmet\index.cjs:537:6)
